------------------------------------------------------------
TimeQuest Timing Analyzer Summary
------------------------------------------------------------

Type  : Slow 1200mV 85C Model Setup 'SPI_SCK'
Slack : -13.121
TNS   : -66.209

Type  : Slow 1200mV 85C Model Setup 'guest|pll|altpll_component|auto_generated|pll1|clk[0]'
Slack : -5.985
TNS   : -2506.628

Type  : Slow 1200mV 85C Model Hold 'guest|pll|altpll_component|auto_generated|pll1|clk[0]'
Slack : -0.340
TNS   : -7.508

Type  : Slow 1200mV 85C Model Hold 'SPI_SCK'
Slack : 0.390
TNS   : 0.000

Type  : Slow 1200mV 85C Model Recovery 'guest|pll|altpll_component|auto_generated|pll1|clk[0]'
Slack : 4.181
TNS   : 0.000

Type  : Slow 1200mV 85C Model Removal 'guest|pll|altpll_component|auto_generated|pll1|clk[0]'
Slack : 1.777
TNS   : 0.000

Type  : Slow 1200mV 85C Model Minimum Pulse Width 'SPI_SCK'
Slack : 0.343
TNS   : 0.000

Type  : Slow 1200mV 85C Model Minimum Pulse Width 'guest|pll|altpll_component|auto_generated|pll1|clk[0]'
Slack : 4.839
TNS   : 0.000

Type  : Slow 1200mV 85C Model Minimum Pulse Width 'CLOCK_50'
Slack : 9.804
TNS   : 0.000

Type  : Slow 1200mV 0C Model Setup 'SPI_SCK'
Slack : -11.899
TNS   : -59.211

Type  : Slow 1200mV 0C Model Setup 'guest|pll|altpll_component|auto_generated|pll1|clk[0]'
Slack : -4.906
TNS   : -1928.542

Type  : Slow 1200mV 0C Model Hold 'guest|pll|altpll_component|auto_generated|pll1|clk[0]'
Slack : -0.175
TNS   : -3.604

Type  : Slow 1200mV 0C Model Hold 'SPI_SCK'
Slack : 0.345
TNS   : 0.000

Type  : Slow 1200mV 0C Model Recovery 'guest|pll|altpll_component|auto_generated|pll1|clk[0]'
Slack : 4.714
TNS   : 0.000

Type  : Slow 1200mV 0C Model Removal 'guest|pll|altpll_component|auto_generated|pll1|clk[0]'
Slack : 1.640
TNS   : 0.000

Type  : Slow 1200mV 0C Model Minimum Pulse Width 'SPI_SCK'
Slack : 0.254
TNS   : 0.000

Type  : Slow 1200mV 0C Model Minimum Pulse Width 'guest|pll|altpll_component|auto_generated|pll1|clk[0]'
Slack : 4.830
TNS   : 0.000

Type  : Slow 1200mV 0C Model Minimum Pulse Width 'CLOCK_50'
Slack : 9.814
TNS   : 0.000

Type  : Fast 1200mV 0C Model Setup 'SPI_SCK'
Slack : -6.159
TNS   : -32.915

Type  : Fast 1200mV 0C Model Setup 'guest|pll|altpll_component|auto_generated|pll1|clk[0]'
Slack : -2.671
TNS   : -688.609

Type  : Fast 1200mV 0C Model Hold 'guest|pll|altpll_component|auto_generated|pll1|clk[0]'
Slack : -0.553
TNS   : -15.469

Type  : Fast 1200mV 0C Model Hold 'SPI_SCK'
Slack : 0.178
TNS   : 0.000

Type  : Fast 1200mV 0C Model Recovery 'guest|pll|altpll_component|auto_generated|pll1|clk[0]'
Slack : 7.042
TNS   : 0.000

Type  : Fast 1200mV 0C Model Removal 'guest|pll|altpll_component|auto_generated|pll1|clk[0]'
Slack : 0.868
TNS   : 0.000

Type  : Fast 1200mV 0C Model Minimum Pulse Width 'SPI_SCK'
Slack : 0.500
TNS   : 0.000

Type  : Fast 1200mV 0C Model Minimum Pulse Width 'guest|pll|altpll_component|auto_generated|pll1|clk[0]'
Slack : 4.948
TNS   : 0.000

Type  : Fast 1200mV 0C Model Minimum Pulse Width 'CLOCK_50'
Slack : 9.449
TNS   : 0.000

------------------------------------------------------------
